Windows PowerShell
Copyright (C) Microsoft Corporation. All rights reserved.

Install the latest PowerShell for new features and improvements! https://aka.ms/PSWindows

PS D:\Moon\machineL> git branch
PS D:\Moon\machineL> git branch -M main
PS D:\Moon\machineL> git remote add origin https://github.com/GitSiddharth/mlproject.git
error: remote origin already exists.
PS D:\Moon\machineL> git push -u origin main
error: src refspec main does not match any
error: failed to push some refs to 'https://github.com/GitSiddharth/mlproject.git'
PS D:\Moon\machineL> git checkout -b main
Switched to a new branch 'main'
PS D:\Moon\machineL> git add .
PS D:\Moon\machineL> git commit -m "sid"
On branch main

Initial commit

nothing to commit (create/copy files and use "git add" to track)
PS D:\Moon\machineL> git push origin main
error: src refspec main does not match any
error: failed to push some refs to 'https://github.com/GitSiddharth/mlproject.git'
PS D:\Moon\machineL> git ls-remote --heads origin
PS D:\Moon\machineL> git push origin main
error: src refspec main does not match any
error: failed to push some refs to 'https://github.com/GitSiddharth/mlproject.git'
PS D:\Moon\machineL> git remote -v
origin  https://github.com/GitSiddharth/mlproject.git (fetch)
origin  https://github.com/GitSiddharth/mlproject.git (push)
PS D:\Moon\machineL> git remote set-url origin https://github.com/GitSiddharth/mlproject.git
PS D:\Moon\machineL> git push -u origin main
error: src refspec main does not match any
error: failed to push some refs to 'https://github.com/GitSiddharth/mlproject.git'
PS D:\Moon\machineL> git pull
There is no tracking information for the current branch.
Please specify which branch you want to merge with.
See git-pull(1) for details.

    git pull <remote> <branch>

If you wish to set tracking information for this branch you can do so with:

    git branch --set-upstream-to=origin/<branch> main

PS D:\Moon\machineL> git fetch
PS D:\Moon\machineL> git merge
fatal: No remote for the current branch.
PS D:\Moon\machineL>  git branch
PS D:\Moon\machineL> git commit
On branch main

Initial commit

nothing to commit (create/copy files and use "git add" to track)
PS D:\Moon\machineL> Notepad sid.txt
PS D:\Moon\machineL> git add
Nothing specified, nothing added.
hint: Maybe you wanted to say 'git add .'?
hint: Turn this message off by running
hint: "git config advice.addEmptyPathspec false"
PS D:\Moon\machineL> git add .
PS D:\Moon\machineL> git commit -m "ressolve:
>> "
[main (root-commit) f70c89a] ressolve:
 1 file changed, 0 insertions(+), 0 deletions(-)
 create mode 100644 sid.txt
PS D:\Moon\machineL> git status
On branch main
nothing to commit, working tree clean
PS D:\Moon\machineL> git pull
There is no tracking information for the current branch.
Please specify which branch you want to merge with.
See git-pull(1) for details.

    git pull <remote> <branch>

If you wish to set tracking information for this branch you can do so with:

    git branch --set-upstream-to=origin/<branch> main

PS D:\Moon\machineL> git remote add origin https://github.com/GitSiddharth/mlproject.git
error: remote origin already exists.
PS D:\Moon\machineL> git push -u origin main
Enumerating objects: 3, done.
Counting objects: 100% (3/3), done.
Writing objects: 100% (3/3), 219 bytes | 15.00 KiB/s, done.
Total 3 (delta 0), reused 0 (delta 0), pack-reused 0
To https://github.com/GitSiddharth/mlproject.git
 * [new branch]      main -> main
branch 'main' set up to track 'origin/main'.
PS D:\Moon\machineL>
PS D:\Moon\machineL> git status
On branch main
Your branch is up to date with 'origin/main'.

Changes not staged for commit:
  (use "git add <file>..." to update what will be committed)
  (use "git restore <file>..." to discard changes in working directory)
        modified:   sid.txt

no changes added to commit (use "git add" and/or "git commit -a")
PS D:\Moon\machineL> git add .
PS D:\Moon\machineL> git commit -m "edited sid.txt"
[main cc9e3f0] edited sid.txt
 1 file changed, 93 insertions(+)
PS D:\Moon\machineL> git status
On branch main
Your branch is ahead of 'origin/main' by 1 commit.
  (use "git push" to publish your local commits)

nothing to commit, working tree clean
PS D:\Moon\machineL> git push
Enumerating objects: 5, done.
Counting objects: 100% (5/5), done.
Delta compression using up to 4 threads
Compressing objects: 100% (2/2), done.
Writing objects: 100% (3/3), 1.18 KiB | 1.18 MiB/s, done.
Total 3 (delta 0), reused 0 (delta 0), pack-reused 0
To https://github.com/GitSiddharth/mlproject.git
   f70c89a..cc9e3f0  main -> main
PS D:\Moon\machineL>
